"------------------------------------------------------------"
"Package xAct`xPerm`  version ""1.2.3"", "{2015, 8, 23}
"CopyRight (C) 2003-2020, Jose M. Martin-Garcia, under the General Public License."
"Connecting to external MinGW executable..."
"Connection established."
"------------------------------------------------------------"
"Package xAct`xTensor`  version ""1.2.0"", "{2021, 10, 17}
"CopyRight (C) 2002-2021, Jose M. Martin-Garcia, under the General Public License."
"------------------------------------------------------------"
"Package xAct`xPert`  version ""1.0.6"", "{2018, 2, 28}
"CopyRight (C) 2005-2020, David Brizuela, Jose M. Martin-Garcia and Guillermo A. Mena Marugan, under the General Public License."
"** Variable "$PrePrint" assigned value "ScreenDollarIndices
"** Variable "$CovDFormat" changed from ""Prefix"" to ""Postfix"
"** Option "AllowUpperDerivatives" of "ContractMetric" changed from "False" to "True
"** Option "MetricOn" of "MakeRule" changed from "None" to "All
"** Option "ContractMetrics" of "MakeRule" changed from "False" to "True
"------------------------------------------------------------"
"Package xAct`Invar`  version ""2.0.5"", "{2013, 7, 1}
"CopyRight (C) 2006-2020, J. M. Martin-Garcia, D. Yllanes and R. Portugal, under the General Public License."
"** "DefConstantSymbol": Defining ""constant symbol "sigma". """
"** "DefConstantSymbol": Defining ""constant symbol "dim". """
"** Option "CurvatureRelations" of "DefCovD" changed from "True" to "False
"** Variable "$CommuteCovDsOnScalars" changed from "True" to "False
"------------------------------------------------------------"
"Package xAct`xCoba`  version ""0.8.6"", "{2021, 2, 28}
"CopyRight (C) 2005-2021, David Yllanes and Jose M. Martin-Garcia, under the General Public License."
"------------------------------------------------------------"
"Package xAct`SymManipulator`  version ""0.9.5"", "{2021, 9, 14}
"CopyRight (C) 2011-2021, Thomas B\[ADoubleDot]ckdahl, under the General Public License."
"------------------------------------------------------------"
"Package xAct`xTras`  version ""1.4.2"", "{2014, 10, 30}
"CopyRight (C) 2012-2014, Teake Nutma, under the General Public License."
"** Variable "$CovDFormat" changed from ""Postfix"" to ""Prefix"
"** Option "CurvatureRelations" of "DefCovD" changed from "False" to "True
"------------------------------------------------------------"
"These packages come with ABSOLUTELY NO WARRANTY; for details type Disclaimer[]. This is free software, and you are welcome to redistribute it under certain conditions. See the General Public License for details."
"------------------------------------------------------------"
"** "DefManifold": Defining ""manifold "M". """
"** "DefVBundle": Defining ""vbundle "TangentM". """
"** "DefTensor": Defining ""symmetric metric tensor "eta[-a, -b]". """
"** "DefTensor": Defining ""antisymmetric tensor "epsiloneta[-a, -b, -c, -d]". """
"** "DefTensor": Defining ""tetrametric "Tetraeta[-a, -b, -c, -d]". """
"** "DefTensor": Defining ""tetrametric "Tetraeta\[Dagger][-a, -b, -c, -d]". """
"** DefMetric: Associating fiducial flat derivative PD to metric."
"** "DefTensor": Defining ""weight +2 density "Deteta[]". ""Determinant."
"** "DefTensor": Defining ""tensor "h[-a, -b]". """
"** "DefTensor": Defining ""tensor "dh[-a, -b]". """
"** "DefTensor": Defining ""tensor "probe[-a, -b]". """
"** "DefConstantSymbol": Defining ""constant symbol "lam". """

Validate::repeated: Found indices with the same name a.
