"2026-03-13 03:16:29  Starting sector reduction for keys: {{1, 0}, {2, 0}, \
{2, 2}, {2, 4}, {3, 0}, {3, 2}, {4, 0}, {4, 2}, {5, 0}, {6, 0}}"
"2026-03-13 03:16:29  Starting sector {1, 0}"
"2026-03-13 03:16:29  Completed sector {1, 0} with reduced term count 3"
"2026-03-13 03:16:29  Starting sector {2, 0}"
"2026-03-13 03:16:29  Completed sector {2, 0} with reduced term count 6"
"2026-03-13 03:16:30  Starting sector {2, 2}"
"2026-03-13 03:16:31  Completed sector {2, 2} with reduced term count 12"
"2026-03-13 03:16:31  Starting sector {2, 4}"
"2026-03-13 03:16:53  Completed sector {2, 4} with reduced term count 10"
"2026-03-13 03:16:53  Starting sector {3, 0}"
"2026-03-13 03:16:54  Completed sector {3, 0} with reduced term count 9"
"2026-03-13 03:16:54  Starting sector {3, 2}"
"2026-03-13 03:17:10  Completed sector {3, 2} with reduced term count 18"
"2026-03-13 03:17:10  Starting sector {4, 0}"
"2026-03-13 03:17:11  Completed sector {4, 0} with reduced term count 15"
"2026-03-13 03:17:11  Starting sector {4, 2}"
"2026-03-13 03:18:37  Completed sector {4, 2} with reduced term count 75"
"2026-03-13 03:18:37  Starting sector {5, 0}"
"2026-03-13 03:18:51  Completed sector {5, 0} with reduced term count 21"
"2026-03-13 03:18:51  Starting sector {6, 0}"
"2026-03-13 03:47:50  Completed sector {6, 0} with reduced term count 33"
"2026-03-13 03:51:59  Completed all sector reductions."
